*******************可变分区管理*******************
* 1. 内存管理        *
* 2. 内存去配        *
* 0. 退出           *
************************************************
请输入选项: *******************分配算法*******************
* 1. 最先适应算法    *
* 2. 最优适应算法    *
* 3. 最坏适应算法    *
********************************************
请输入选项: 请输入作业名: JOB_A需要分配的主存大小(单位: KB): 分配成功!
*******************主存分配情况*******************
已分配:
分区号    大小(KB)        起始(KB)        状态
  1         256              40          JOB_A
未分配:
分区号    大小(KB)        起始(KB)        状态

*******************可变分区管理*******************
* 1. 内存管理        *
* 2. 内存去配        *
* 0. 退出           *
************************************************
请输入选项: 