*******************可变分区管理*******************
* 1. 内存管理        *
* 2. 内存去配        *
* 0. 退出           *
************************************************
请输入选项: *******************分配算法*******************
* 1. 最先适应算法    *
* 2. 最优适应算法    *
* 3. 最坏适应算法    *
********************************************
请输入选项: 请输入作业名: JOB_A需要分配的主存大小(单位: KB): 分配成功!
*******************主存分配情况*******************
已分配:
分区号    大小(KB)        起始(KB)        状态
  1          50              40          JOB_A
未分配:
分区号    大小(KB)        起始(KB)        状态
  1         206              90         空闲

*******************可变分区管理*******************
* 1. 内存管理        *
* 2. 内存去配        *
* 0. 退出           *
************************************************
请输入选项: *******************分配算法*******************
* 1. 最先适应算法    *
* 2. 最优适应算法    *
* 3. 最坏适应算法    *
********************************************
请输入选项: 请输入作业名: JOB_B需要分配的主存大小(单位: KB): 分配成功!
*******************主存分配情况*******************
已分配:
分区号    大小(KB)        起始(KB)        状态
  1          50              40          JOB_A
  2          50              90          JOB_B
未分配:
分区号    大小(KB)        起始(KB)        状态
  1         156             140         空闲

*******************可变分区管理*******************
* 1. 内存管理        *
* 2. 内存去配        *
* 0. 退出           *
************************************************
请输入选项: *******************分配算法*******************
* 1. 最先适应算法    *
* 2. 最优适应算法    *
* 3. 最坏适应算法    *
********************************************
请输入选项: 请输入作业名: JOB_C需要分配的主存大小(单位: KB): 分配成功!
*******************主存分配情况*******************
已分配:
分区号    大小(KB)        起始(KB)        状态
  1          50              40          JOB_A
  2          50              90          JOB_B
  3          50             140          JOB_C
未分配:
分区号    大小(KB)        起始(KB)        状态
  1         106             190         空闲

*******************可变分区管理*******************
* 1. 内存管理        *
* 2. 内存去配        *
* 0. 退出           *
************************************************
请输入选项: 请输入要回收的作业名: 回收成功!
*******************主存分配情况*******************
已分配:
分区号    大小(KB)        起始(KB)        状态
  1          50              40          JOB_A
  2          50             140          JOB_C
未分配:
分区号    大小(KB)        起始(KB)        状态
  1          50              90         空闲
  2         106             190         空闲

*******************可变分区管理*******************
* 1. 内存管理        *
* 2. 内存去配        *
* 0. 退出           *
************************************************
请输入选项: 请输入要回收的作业名: 回收成功!
*******************主存分配情况*******************
已分配:
分区号    大小(KB)        起始(KB)        状态
  1          50             140          JOB_C
未分配:
分区号    大小(KB)        起始(KB)        状态
  1         100              40         空闲
  2         106             190         空闲

*******************可变分区管理*******************
* 1. 内存管理        *
* 2. 内存去配        *
* 0. 退出           *
************************************************
请输入选项: 请输入要回收的作业名: 回收成功!
*******************主存分配情况*******************
已分配:
分区号    大小(KB)        起始(KB)        状态
未分配:
分区号    大小(KB)        起始(KB)        状态
  1         256              40         空闲

*******************可变分区管理*******************
* 1. 内存管理        *
* 2. 内存去配        *
* 0. 退出           *
************************************************
请输入选项: 