*******************可变分区管理*******************
* 1. 内存管理        *
* 2. 内存去配        *
* 0. 退出           *
************************************************
请输入选项: *******************分配算法*******************
* 1. 最先适应算法    *
* 2. 最优适应算法    *
* 3. 最坏适应算法    *
********************************************
请输入选项: 请输入作业名: JOB_A需要分配的主存大小(单位: KB): 分配成功!
*******************主存分配情况*******************
已分配:
分区号    大小(KB)        起始(KB)        状态
  1          15              40          JOB_A
未分配:
分区号    大小(KB)        起始(KB)        状态
  1         241              55         空闲

*******************可变分区管理*******************
* 1. 内存管理        *
* 2. 内存去配        *
* 0. 退出           *
************************************************
请输入选项: *******************分配算法*******************
* 1. 最先适应算法    *
* 2. 最优适应算法    *
* 3. 最坏适应算法    *
********************************************
请输入选项: 请输入作业名: JOB_B需要分配的主存大小(单位: KB): 分配成功!
*******************主存分配情况*******************
已分配:
分区号    大小(KB)        起始(KB)        状态
  1          15              40          JOB_A
  2          50              55          JOB_B
未分配:
分区号    大小(KB)        起始(KB)        状态
  1         191             105         空闲

*******************可变分区管理*******************
* 1. 内存管理        *
* 2. 内存去配        *
* 0. 退出           *
************************************************
请输入选项: *******************分配算法*******************
* 1. 最先适应算法    *
* 2. 最优适应算法    *
* 3. 最坏适应算法    *
********************************************
请输入选项: 请输入作业名: JOB_C需要分配的主存大小(单位: KB): 分配成功!
*******************主存分配情况*******************
已分配:
分区号    大小(KB)        起始(KB)        状态
  1          15              40          JOB_A
  2          50              55          JOB_B
  3          10             105          JOB_C
未分配:
分区号    大小(KB)        起始(KB)        状态
  1         181             115         空闲

*******************可变分区管理*******************
* 1. 内存管理        *
* 2. 内存去配        *
* 0. 退出           *
************************************************
请输入选项: *******************分配算法*******************
* 1. 最先适应算法    *
* 2. 最优适应算法    *
* 3. 最坏适应算法    *
********************************************
请输入选项: 请输入作业名: JOB_D需要分配的主存大小(单位: KB): 分配成功!
*******************主存分配情况*******************
已分配:
分区号    大小(KB)        起始(KB)        状态
  1          15              40          JOB_A
  2          50              55          JOB_B
  3          10             105          JOB_C
  4          25             115          JOB_D
未分配:
分区号    大小(KB)        起始(KB)        状态
  1         156             140         空闲

*******************可变分区管理*******************
* 1. 内存管理        *
* 2. 内存去配        *
* 0. 退出           *
************************************************
请输入选项: *******************分配算法*******************
* 1. 最先适应算法    *
* 2. 最优适应算法    *
* 3. 最坏适应算法    *
********************************************
请输入选项: 请输入作业名: JOB_E需要分配的主存大小(单位: KB): 分配成功!
*******************主存分配情况*******************
已分配:
分区号    大小(KB)        起始(KB)        状态
  1          15              40          JOB_A
  2          50              55          JOB_B
  3          10             105          JOB_C
  4          25             115          JOB_D
  5          14             140          JOB_E
未分配:
分区号    大小(KB)        起始(KB)        状态
  1         142             154         空闲

*******************可变分区管理*******************
* 1. 内存管理        *
* 2. 内存去配        *
* 0. 退出           *
************************************************
请输入选项: 请输入要回收的作业名: 回收成功!
*******************主存分配情况*******************
已分配:
分区号    大小(KB)        起始(KB)        状态
  1          15              40          JOB_A
  2          10             105          JOB_C
  3          25             115          JOB_D
  4          14             140          JOB_E
未分配:
分区号    大小(KB)        起始(KB)        状态
  1          50              55         空闲
  2         142             154         空闲

*******************可变分区管理*******************
* 1. 内存管理        *
* 2. 内存去配        *
* 0. 退出           *
************************************************
请输入选项: *******************分配算法*******************
* 1. 最先适应算法    *
* 2. 最优适应算法    *
* 3. 最坏适应算法    *
********************************************
请输入选项: 请输入作业名: JOB_F需要分配的主存大小(单位: KB): 分配成功!
*******************主存分配情况*******************
已分配:
分区号    大小(KB)        起始(KB)        状态
  1          15              40          JOB_A
  2          32              55          JOB_F
  3          10             105          JOB_C
  4          25             115          JOB_D
  5          14             140          JOB_E
未分配:
分区号    大小(KB)        起始(KB)        状态
  1          18              87         空闲
  2         142             154         空闲

*******************可变分区管理*******************
* 1. 内存管理        *
* 2. 内存去配        *
* 0. 退出           *
************************************************
请输入选项: 