请输入内存大小为：请输入系统字长大小(32/64)为：请输入块长:主存位示图如下：
共 16 块(列宽为 64)
    0  1  2  3  4  5  6  7  8  9 10 11 12 13 14 15 16 17 18 19 20 21 22 23 24 25 26 27 28 29 30 31 32 33 34 35 36 37 38 39 40 41 42 43 44 45 46 47 48 49 50 51 52 53 54 55 56 57 58 59 60 61 62 63 
 0  0  0  0  0  0  0  0  0  0  0  0  0  0  0  0  0                                                                                                                                                 
剩余空闲块数:16
**********************菜单**********************
*              1. 内存分配                    *
*              2. 内存回收                    *
*              3. 地址转换                    *
*              4. 查看当前内存状态            *
*              0. 退出                        *
**********************************************
请输入你的选择:请输入作业名:未找到作业 ghost。
主存位示图如下：
共 16 块(列宽为 64)
    0  1  2  3  4  5  6  7  8  9 10 11 12 13 14 15 16 17 18 19 20 21 22 23 24 25 26 27 28 29 30 31 32 33 34 35 36 37 38 39 40 41 42 43 44 45 46 47 48 49 50 51 52 53 54 55 56 57 58 59 60 61 62 63 
 0  0  0  0  0  0  0  0  0  0  0  0  0  0  0  0  0                                                                                                                                                 
剩余空闲块数:16
**********************菜单**********************
*              1. 内存分配                    *
*              2. 内存回收                    *
*              3. 地址转换                    *
*              4. 查看当前内存状态            *
*              0. 退出                        *
**********************************************
请输入你的选择: