请输入主存大小(KB): 请输入主存起始地址(KB): ***********可变分区管理***********
*        1.内存分配            *
*        2.内存去配            *
*        0.退出                *
请输入选项[0]
2.内存去配
*******************主存分配情况*******************
已分配:
分配号    大小(KB)    起始(KB)    状态

未分配:
分配号    大小(KB)    起始(KB)    状态
1         128           0      空闲
请输入您想回收的作业名: 未找到作业noexist。
***********可变分区管理***********
*        1.内存分配            *
*        2.内存去配            *
*        0.退出                *
请输入选项[0]
0.退出
