请输入主存大小(KB): 请输入主存起始地址(KB): ***********可变分区管理***********
*        1.内存分配            *
*        2.内存去配            *
*        0.退出                *
请输入入选项[0]
1.内存分配
*******************主存分配情况*******************
已分配:
分配号    大小(KB)    起始(KB)    状态

未分配:
分配号    大小(KB)    起始(KB)    状态
1         200           0      空闲
请输入作业名: 请输入jobA需要分配的主存大小: 请输入作业要分成的段数: 剩余60KB的内存，请输入第1段的大小: *******************主存分配情况*******************
已分配:
分配号    大小(KB)    起始(KB)    状态
1          30           0       jobA0

未分配:
分配号    大小(KB)    起始(KB)    状态
2         170          30      空闲
剩余30KB的内存，请输入第2段的大小: *******************主存分配情况*******************
已分配:
分配号    大小(KB)    起始(KB)    状态
1          30           0       jobA0
2          30          30       jobA1

未分配:
分配号    大小(KB)    起始(KB)    状态
3         140          60      空闲
分配成功!
**************打印jobA段表**************
段号    段长    基址
0      30       0
1      30      30
***********可变分区管理***********
*        1.内存分配            *
*        2.内存去配            *
*        0.退出                *
请输入入选项[0]
1.内存分配
*******************主存分配情况*******************
已分配:
分配号    大小(KB)    起始(KB)    状态
1          30           0       jobA0
2          30          30       jobA1

未分配:
分配号    大小(KB)    起始(KB)    状态
3         140          60      空闲
请输入作业名: 请输入jobB需要分配的主存大小: 请输入作业要分成的段数: 剩余60KB的内存，请输入第1段的大小: *******************主存分配情况*******************
已分配:
分配号    大小(KB)    起始(KB)    状态
1          30           0       jobA0
2          30          30       jobA1
3          30          60       jobB0

未分配:
分配号    大小(KB)    起始(KB)    状态
4         110          90      空闲
剩余30KB的内存，请输入第2段的大小: *******************主存分配情况*******************
已分配:
分配号    大小(KB)    起始(KB)    状态
1          30           0       jobA0
2          30          30       jobA1
3          30          60       jobB0
4          30          90       jobB1

未分配:
分配号    大小(KB)    起始(KB)    状态
5          80         120      空闲
分配成功!
**************打印jobB段表**************
段号    段长    基址
0      30      60
1      30      90
***********可变分区管理***********
*        1.内存分配            *
*        2.内存去配            *
*        0.退出                *
请输入入选项[0]
1.内存分配
*******************主存分配情况*******************
已分配:
分配号    大小(KB)    起始(KB)    状态
1          30           0       jobA0
2          30          30       jobA1
3          30          60       jobB0
4          30          90       jobB1

未分配:
分配号    大小(KB)    起始(KB)    状态
5          80         120      空闲
请输入作业名: 请输入jobC需要分配的主存大小: 请输入作业要分成的段数: 剩余60KB的内存，请输入第1段的大小: *******************主存分配情况*******************
已分配:
分配号    大小(KB)    起始(KB)    状态
1          30           0       jobA0
2          30          30       jobA1
3          30          60       jobB0
4          30          90       jobB1
5          30         120       jobC0

未分配:
分配号    大小(KB)    起始(KB)    状态
6          50         150      空闲
剩余30KB的内存，请输入第2段的大小: *******************主存分配情况*******************
已分配:
分配号    大小(KB)    起始(KB)    状态
1          30           0       jobA0
2          30          30       jobA1
3          30          60       jobB0
4          30          90       jobB1
5          30         120       jobC0
6          30         150       jobC1

未分配:
分配号    大小(KB)    起始(KB)    状态
7          20         180      空闲
分配成功!
**************打印jobC段表**************
段号    段长    基址
0      30     120
1      30     150
***********可变分区管理***********
*        1.内存分配            *
*        2.内存去配            *
*        0.退出                *
请输入入选项[0]
2.内存去配
*******************主存分配情况*******************
已分配:
分配号    大小(KB)    起始(KB)    状态
1          30           0       jobA0
2          30          30       jobA1
3          30          60       jobB0
4          30          90       jobB1
5          30         120       jobC0
6          30         150       jobC1

未分配:
分配号    大小(KB)    起始(KB)    状态
7          20         180      空闲
请输入您想回收的作业名: 回收jobB的段jobB0成功!
回收jobB的段jobB1成功!
*******************主存分配情况*******************
已分配:
分配号    大小(KB)    起始(KB)    状态
1          30           0       jobA0
2          30          30       jobA1
4          30         120       jobC0
5          30         150       jobC1

未分配:
分配号    大小(KB)    起始(KB)    状态
3          60          60      空闲
6          20         180      空闲
***********可变分区管理***********
*        1.内存分配            *
*        2.内存去配            *
*        0.退出                *
请输入入选项[0]
2.内存去配
*******************主存分配情况*******************
已分配:
分配号    大小(KB)    起始(KB)    状态
1          30           0       jobA0
2          30          30       jobA1
4          30         120       jobC0
5          30         150       jobC1

未分配:
分配号    大小(KB)    起始(KB)    状态
3          60          60      空闲
6          20         180      空闲
请输入您想回收的作业名: 回收jobA的段jobA0成功!
回收jobA的段jobA1成功!
*******************主存分配情况*******************
已分配:
分配号    大小(KB)    起始(KB)    状态
2          30         120       jobC0
3          30         150       jobC1

未分配:
分配号    大小(KB)    起始(KB)    状态
1         120           0      空闲
4          20         180      空闲
***********可变分区管理***********
*        1.内存分配            *
*        2.内存去配            *
*        0.退出                *
请输入入选项[0]
2.内存去配
*******************主存分配情况*******************
已分配:
分配号    大小(KB)    起始(KB)    状态
2          30         120       jobC0
3          30         150       jobC1

未分配:
分配号    大小(KB)    起始(KB)    状态
1         120           0      空闲
4          20         180      空闲
请输入您想回收的作业名: 回收jobC的段jobC0成功!
回收jobC的段jobC1成功!
*******************主存分配情况*******************
已分配:
分配号    大小(KB)    起始(KB)    状态

未分配:
分配号    大小(KB)    起始(KB)    状态
1         200           0      空闲
***********可变分区管理***********
*        1.内存分配            *
*        2.内存去配            *
*        0.退出                *
请输入入选项[0]
0.退出
