请输入资源种类的数量:
请输入进程的数量:
请输入3类资源初始化的资源总数:
请按“进程名 最大需求量 已分配量”输入进程信息:
例如: p1 7 5 3 0 1 0
初始化完成!
进程名  最大需求量   尚需求量   已分配量   执行状态:
p1    7 5 3      7 4 3      0 1 0      working
p2    3 2 2      1 2 2      2 0 0      working
p3    9 0 2      6 0 0      3 0 2      working
p4    2 2 2      0 1 1      2 1 1      working
p5    4 3 3      4 3 1      0 0 2      working
系统剩余资源: 3 3 2

是否需要申请资源?(Y/N):
请输入进程名:
请输入该进程当前申请的各个资源数量:
申请失败! 申请量超过了该进程的剩余需求。

是否需要申请资源?(Y/N):
程序结束。
