请输入内存大小：请输入字长：请输入一个物理块包含的字数：系统内存空间为 128
字长为          16
一个物理块大小为16
总块数为           8
已使用块数为       0
剩余块数为         8
系统内存位示图如下：
     0  1  2  3  4  5  6  7  8  9 10 11 12 13 14 15 
 0:  0  0  0  0  0  0  0  0  0  0  0  0  0  0  0  0 
 1:  0  0  0  0  0  0  0  0  0  0  0  0  0  0  0  0 
 2:  0  0  0  0  0  0  0  0  0  0  0  0  0  0  0  0 
 3:  0  0  0  0  0  0  0  0  0  0  0  0  0  0  0  0 
 4:  0  0  0  0  0  0  0  0  0  0  0  0  0  0  0  0 
 5:  0  0  0  0  0  0  0  0  0  0  0  0  0  0  0  0 
 6:  0  0  0  0  0  0  0  0  0  0  0  0  0  0  0  0 
 7:  0  0  0  0  0  0  0  0  0  0  0  0  0  0  0  0 
剩余空闲块号如下：
**********************
 0
 1
 2
 3
 4
 5
 6
 7
**********************

****************分页存储管理****************
*             1.分配作业内存             *
*             2.回收作业内存             *
*             0.退出系统                 *
********************************************
请输入操作编号：请输入作业名：请输入作业大小：已成功为作业jobA分配1个物理块。
作业jobA的页表如下：
***************************************
页号	物理块号	装入标志	页大小
 0	       0	       1	    10
***************************************
系统内存空间为 128
字长为          16
一个物理块大小为16
总块数为           8
已使用块数为       1
剩余块数为         7
系统内存位示图如下：
     0  1  2  3  4  5  6  7  8  9 10 11 12 13 14 15 
 0:  1  1  1  1  1  1  1  1  1  1  0  0  0  0  0  0 
 1:  0  0  0  0  0  0  0  0  0  0  0  0  0  0  0  0 
 2:  0  0  0  0  0  0  0  0  0  0  0  0  0  0  0  0 
 3:  0  0  0  0  0  0  0  0  0  0  0  0  0  0  0  0 
 4:  0  0  0  0  0  0  0  0  0  0  0  0  0  0  0  0 
 5:  0  0  0  0  0  0  0  0  0  0  0  0  0  0  0  0 
 6:  0  0  0  0  0  0  0  0  0  0  0  0  0  0  0  0 
 7:  0  0  0  0  0  0  0  0  0  0  0  0  0  0  0  0 
剩余空闲块号如下：
**********************
 1
 2
 3
 4
 5
 6
 7
**********************

****************分页存储管理****************
*             1.分配作业内存             *
*             2.回收作业内存             *
*             0.退出系统                 *
********************************************
请输入操作编号：请输入作业名：作业jobA已经存在，不能重复分配。

****************分页存储管理****************
*             1.分配作业内存             *
*             2.回收作业内存             *
*             0.退出系统                 *
********************************************
请输入操作编号：输入的操作编号无效，请重新输入。

****************分页存储管理****************
*             1.分配作业内存             *
*             2.回收作业内存             *
*             0.退出系统                 *
********************************************
请输入操作编号：