请输入通道的数量：请输入控制器的数量：**********设备独占分配管理**********
      *   1.设备添加   *
      *   2.设备分配   *
      *   3.回收释放   *
      *   0.退出      *
请输入选项：请输入添加的设备类型：请输入添加的数量：添加成功！
**********打印系统设备表SDT**********
设备类型 设备总数量 设备可用数量 设备DCT号
disk       4            3            0         
**********打印系统设备控制表DCT**********
设备绝对号 设备类型 设备好坏 设备空闲 设备相对号
0            disk       坏      yes      0         
1            disk       好      yes      1         
2            disk       好      yes      2         
3            disk       好      yes      3         
**********系统控制器控制表COCT**********
编号 名字     好坏 空闲   所属通道
0    control_0  坏  yes      0       
1    control_1  好  yes      1       
2    control_2  好  yes      2       
3    control_3  好  yes      1       
4    control_4  好  yes      2       
系统剩余可用控制器数量：4
**********系统通道控制表CHCT**********
编号 通道内控制器序号
0    0
1    1,3
2    2,4
**********设备独占分配管理**********
      *   1.设备添加   *
      *   2.设备分配   *
      *   3.回收释放   *
      *   0.退出      *
请输入选项：请输入添加的设备类型：请输入添加的数量：添加成功！
**********打印系统设备表SDT**********
设备类型 设备总数量 设备可用数量 设备DCT号
disk       4            3            0         
printer    4            3            1         
**********打印系统设备控制表DCT**********
设备绝对号 设备类型 设备好坏 设备空闲 设备相对号
0            disk       坏      yes      0         
1            disk       好      yes      1         
2            disk       好      yes      2         
3            disk       好      yes      3         
4            printer    坏      yes      0         
5            printer    好      yes      1         
6            printer    好      yes      2         
7            printer    好      yes      3         
**********系统控制器控制表COCT**********
编号 名字     好坏 空闲   所属通道
0    control_0  坏  yes      0       
1    control_1  好  yes      1       
2    control_2  好  yes      2       
3    control_3  好  yes      1       
4    control_4  好  yes      2       
系统剩余可用控制器数量：4
**********系统通道控制表CHCT**********
编号 通道内控制器序号
0    0
1    1,3
2    2,4
**********设备独占分配管理**********
      *   1.设备添加   *
      *   2.设备分配   *
      *   3.回收释放   *
      *   0.退出      *
请输入选项：请输入添加的设备类型：请输入添加的数量：添加成功！
**********打印系统设备表SDT**********
设备类型 设备总数量 设备可用数量 设备DCT号
disk       4            3            0         
printer    4            3            1         
keyboard   2            1            2         
**********打印系统设备控制表DCT**********
设备绝对号 设备类型 设备好坏 设备空闲 设备相对号
0            disk       坏      yes      0         
1            disk       好      yes      1         
2            disk       好      yes      2         
3            disk       好      yes      3         
4            printer    坏      yes      0         
5            printer    好      yes      1         
6            printer    好      yes      2         
7            printer    好      yes      3         
8            keyboard   坏      yes      0         
9            keyboard   好      yes      1         
**********系统控制器控制表COCT**********
编号 名字     好坏 空闲   所属通道
0    control_0  坏  yes      0       
1    control_1  好  yes      1       
2    control_2  好  yes      2       
3    control_3  好  yes      1       
4    control_4  好  yes      2       
系统剩余可用控制器数量：4
**********系统通道控制表CHCT**********
编号 通道内控制器序号
0    0
1    1,3
2    2,4
**********设备独占分配管理**********
      *   1.设备添加   *
      *   2.设备分配   *
      *   3.回收释放   *
      *   0.退出      *
请输入选项：请输入作业名：请输入作业所需的设备类型：设备可用数量为：1
请输入作业所需的设备数量：**********打印keyboard设备控制表DCT**********
设备绝对号 设备类型 设备好坏 设备空闲 设备相对号
8            keyboard   坏      yes      0         
9            keyboard   好      yes      1         
请输入你选择的设备的设备相对号：分配成功！
**********系统逻辑单位表LUT**********
job1占用设备的设备相对号和设备绝对号及SDT号：
设备相对号 设备绝对号 SDT号
1            9          2     
**********打印系统设备表SDT**********
设备类型 设备总数量 设备可用数量 设备DCT号
disk       4            3            0         
printer    4            3            1         
keyboard   2            0            2         
**********打印系统设备控制表DCT**********
设备绝对号 设备类型 设备好坏 设备空闲 设备相对号
0            disk       坏      yes      0         
1            disk       好      yes      1         
2            disk       好      yes      2         
3            disk       好      yes      3         
4            printer    坏      yes      0         
5            printer    好      yes      1         
6            printer    好      yes      2         
7            printer    好      yes      3         
8            keyboard   坏      yes      0         
9            keyboard   好      job1     1         
**********系统控制器控制表COCT**********
编号 名字     好坏 空闲   所属通道
0    control_0  坏  yes      0       
1    control_1  好  9        1       
2    control_2  好  yes      2       
3    control_3  好  yes      1       
4    control_4  好  yes      2       
系统剩余可用控制器数量：3
**********系统通道控制表CHCT**********
编号 通道内控制器序号
0    0
1    1,3
2    2,4
**********设备独占分配管理**********
      *   1.设备添加   *
      *   2.设备分配   *
      *   3.回收释放   *
      *   0.退出      *
请输入选项：请输入作业名：请输入作业所需的设备类型：设备可用数量为：3
请输入作业所需的设备数量：**********打印disk设备控制表DCT**********
设备绝对号 设备类型 设备好坏 设备空闲 设备相对号
0            disk       坏      yes      0         
1            disk       好      yes      1         
2            disk       好      yes      2         
3            disk       好      yes      3         
请输入你选择的设备的设备相对号：分配失败！请重新申请！
请输入你选择的设备的设备相对号：分配成功！
请输入你选择的设备的设备相对号：分配失败！请重新申请！
请输入你选择的设备的设备相对号：分配成功！
**********系统逻辑单位表LUT**********
job1占用设备的设备相对号和设备绝对号及SDT号：
设备相对号 设备绝对号 SDT号
1            9          2     
job2占用设备的设备相对号和设备绝对号及SDT号：
设备相对号 设备绝对号 SDT号
1            1          0     
2            2          0     
**********打印系统设备表SDT**********
设备类型 设备总数量 设备可用数量 设备DCT号
disk       4            1            0         
printer    4            3            1         
keyboard   2            0            2         
**********打印系统设备控制表DCT**********
设备绝对号 设备类型 设备好坏 设备空闲 设备相对号
0            disk       坏      yes      0         
1            disk       好      job2     1         
2            disk       好      job2     2         
3            disk       好      yes      3         
4            printer    坏      yes      0         
5            printer    好      yes      1         
6            printer    好      yes      2         
7            printer    好      yes      3         
8            keyboard   坏      yes      0         
9            keyboard   好      job1     1         
**********系统控制器控制表COCT**********
编号 名字     好坏 空闲   所属通道
0    control_0  坏  yes      0       
1    control_1  好  9        1       
2    control_2  好  1        2       
3    control_3  好  2        1       
4    control_4  好  yes      2       
系统剩余可用控制器数量：1
**********系统通道控制表CHCT**********
编号 通道内控制器序号
0    0
1    1,3
2    2,4
**********设备独占分配管理**********
      *   1.设备添加   *
      *   2.设备分配   *
      *   3.回收释放   *
      *   0.退出      *
请输入选项：请输入要回收的作业名：回收失败！无法找到作业对应的设备！请重新申请回收！
**********设备独占分配管理**********
      *   1.设备添加   *
      *   2.设备分配   *
      *   3.回收释放   *
      *   0.退出      *
请输入选项：请输入要回收的作业名：回收成功！
**********系统逻辑单位表LUT**********
job1占用设备的设备相对号和设备绝对号及SDT号：
设备相对号 设备绝对号 SDT号
1            9          2     
**********打印系统设备表SDT**********
设备类型 设备总数量 设备可用数量 设备DCT号
disk       4            3            0         
printer    4            3            1         
keyboard   2            0            2         
**********打印系统设备控制表DCT**********
设备绝对号 设备类型 设备好坏 设备空闲 设备相对号
0            disk       坏      yes      0         
1            disk       好      yes      1         
2            disk       好      yes      2         
3            disk       好      yes      3         
4            printer    坏      yes      0         
5            printer    好      yes      1         
6            printer    好      yes      2         
7            printer    好      yes      3         
8            keyboard   坏      yes      0         
9            keyboard   好      job1     1         
**********系统控制器控制表COCT**********
编号 名字     好坏 空闲   所属通道
0    control_0  坏  yes      0       
1    control_1  好  9        1       
2    control_2  好  yes      2       
3    control_3  好  yes      1       
4    control_4  好  yes      2       
系统剩余可用控制器数量：3
**********系统通道控制表CHCT**********
编号 通道内控制器序号
0    0
1    1,3
2    2,4
**********设备独占分配管理**********
      *   1.设备添加   *
      *   2.设备分配   *
      *   3.回收释放   *
      *   0.退出      *
请输入选项：