请输入通道的数量：请输入控制器的数量：**********设备独占分配管理**********
      *   1.设备添加   *
      *   2.设备分配   *
      *   3.回收释放   *
      *   0.退出      *
请输入选项：请输入添加的设备类型：请输入添加的数量：添加成功！
**********打印系统设备表SDT**********
设备类型 设备总数量 设备可用数量 设备DCT号
scanner    1            0            0         
**********打印系统设备控制表DCT**********
设备绝对号 设备类型 设备好坏 设备空闲 设备相对号
0            scanner    坏      yes      0         
**********系统控制器控制表COCT**********
编号 名字     好坏 空闲   所属通道
0    control_0  坏  yes      0       
1    control_1  好  yes      1       
2    control_2  好  yes      1       
系统剩余可用控制器数量：2
**********系统通道控制表CHCT**********
编号 通道内控制器序号
0    0
1    1,2
**********设备独占分配管理**********
      *   1.设备添加   *
      *   2.设备分配   *
      *   3.回收释放   *
      *   0.退出      *
请输入选项：请输入作业名：请输入作业所需的设备类型：设备可用数量为：0
请输入作业所需的设备数量：分配失败！可用设备或控制器数量不足！
**********设备独占分配管理**********
      *   1.设备添加   *
      *   2.设备分配   *
      *   3.回收释放   *
      *   0.退出      *
请输入选项：