请输入物理块的块数：***********请求分页式存储管理***********
	*	1.FIFO分配	*	
	*	2.LRU(LFU)分配	*	
	*	0.退出	*	
		请输入选项：请输入作业名：请输入作业页面长度：请输入作业页面顺序：
************作业jobLFIFO调度进入主存页的过程************
调度过程：
  0  1  2  3  4  5  6  7  8  9 10 11
  1  1  1  1  4  4  4  5  5  5  5  5
     2  2  2  2  1  1  1  1  1  3  3
        3  3  3  3  2  2  2  2  2  4
  +  +  +     +  +  +  +        +  +
  1  2  3     4  1  2  5        3  4
缺页率为：75.00
***********请求分页式存储管理***********
	*	1.FIFO分配	*	
	*	2.LRU(LFU)分配	*	
	*	0.退出	*	
		请输入选项：请输入作业名：请输入作业页面长度：请输入作业页面顺序：
************作业jobLLRU调度进入主存页的过程************
调度过程：
  0  1  2  3  4  5  6  7  8  9 10 11
  1  1  1  1  1  1  1  1  1  1  1  4
     2  2  2  4  4  4  5  5  5  3  3
        3  3  3  3  2  2  2  2  2  2
  +  +  +     +     +  +        +  +
  1  2  3     4     2  5        3  4
缺页率为：66.67
***********请求分页式存储管理***********
	*	1.FIFO分配	*	
	*	2.LRU(LFU)分配	*	
	*	0.退出	*	
		请输入选项：