请输入物理块的块数：***********请求分页式存储管理***********
	*	1.FIFO分配	*	
	*	2.LRU(LFU)分配	*	
	*	0.退出	*	
		请输入选项：请输入作业名：请输入作业页面长度：请输入作业页面顺序：
************作业jobRFIFO调度进入主存页的过程************
调度过程：
  0  1  2  3  4  5
  5  5  5  5  5  5
                  
                  
  +               
  5               
缺页率为：16.67
***********请求分页式存储管理***********
	*	1.FIFO分配	*	
	*	2.LRU(LFU)分配	*	
	*	0.退出	*	
		请输入选项：请输入作业名：请输入作业页面长度：请输入作业页面顺序：
************作业jobRLRU调度进入主存页的过程************
调度过程：
  0  1  2  3  4  5
  5  5  5  5  5  5
                  
                  
  +               
  5               
缺页率为：16.67
***********请求分页式存储管理***********
	*	1.FIFO分配	*	
	*	2.LRU(LFU)分配	*	
	*	0.退出	*	
		请输入选项：