请输入辅存空间的大小（单位：K）和字长（32 or 64）和块长（单位：K）：请输入该辅存硬盘的磁道数（磁头数）和每个磁道的扇区数：******************************辅存使用情况******************************
      0  1  2  3  4  5  6  7  8  9 10 11 12 13 14 15 16 17 18 19 20 21 22 23 24 25 26 27 28 29 30 31 32 33 34 35 36 37 38 39 40 41 42 43 44 45 46 47 48 49 50 51 52 53 54 55 56 57 58 59 60 61 62 63
0     0  0  0  0  0  0  0  0  0  0  0  0  0  0  0  0  0  0  0  0
辅存剩余空闲块数：20
****************存储调度管理****************
*    1.空间分配            *
*    2.空间回收            *
*    0.退出                *
请输入选项：请输入申请空间的作业名和需要分配辅存空间的大小（单位：K）：作业申请成功！
******************************辅存使用情况******************************
      0  1  2  3  4  5  6  7  8  9 10 11 12 13 14 15 16 17 18 19 20 21 22 23 24 25 26 27 28 29 30 31 32 33 34 35 36 37 38 39 40 41 42 43 44 45 46 47 48 49 50 51 52 53 54 55 56 57 58 59 60 61 62 63
0     1  1  1  1  0  0  0  0  0  0  0  0  0  0  0  0  0  0  0  0
辅存剩余空闲块数：16
********************dup被分配的辅存********************
序号	块	字	位	柱面号	磁头号	扇区号
1	0	0	0	0	0	0
2	1	0	1	0	0	1
3	2	0	2	0	0	2
4	3	0	3	0	0	3
****************存储调度管理****************
*    1.空间分配            *
*    2.空间回收            *
*    0.退出                *
请输入选项：请输入申请空间的作业名和需要分配辅存空间的大小（单位：K）：存在同名作业，请先回收或更换作业名。
****************存储调度管理****************
*    1.空间分配            *
*    2.空间回收            *
*    0.退出                *
请输入选项：