请输入操作:(1:开始进程;-1:结束进程):请输入进程数量:请输入进程的参数:
id号  名字  优先级  到达时间  执行时间(分钟):
模拟进程优先调度过程输出结果
id号  名字  优先级  到达时间  执行时间(分钟)  开始时间  完成时间  周转时间(分钟)  带权周转系数
6001  a     1       10:58     5               10:58     11:03     5(分钟)          1.00
6002  b     3       11:10     15              11:10     11:25     15(分钟)         1.00
6003  c     2       11:10     55              11:25     12:20     70(分钟)         1.27
系统平均周转时间为:
30.00
系统平均带权周转系数为:
1.09
请输入操作:(1:开始进程;-1:结束进程):
操作结束!
