请输入操作:(1:开始进程;-1:结束进程):请输入进程数量:请输入进程的参数:
id号  名字  优先级  到达时间  执行时间(分钟):
模拟进程优先调度过程输出结果
id号  名字  优先级  到达时间  执行时间(分钟)  开始时间  完成时间  周转时间(分钟)  带权周转系数
4001  b     5       09:00     5               09:00     09:05     5(分钟)          1.00
4002  c     5       09:00     7               09:05     09:12     12(分钟)         1.71
4003  a     2       09:00     10              09:12     09:22     22(分钟)         2.20
4004  d     1       09:00     3               09:22     09:25     25(分钟)         8.33
系统平均周转时间为:
16.00
系统平均带权周转系数为:
3.31
请输入操作:(1:开始进程;-1:结束进程):
操作结束!
