请输入操作:(1:开始进程;-1:结束进程):请输入进程数量:请输入进程的参数:
id号  名字  优先级  到达时间  执行时间(分钟):
模拟进程优先调度过程输出结果
id号  名字  优先级  到达时间  执行时间(分钟)  开始时间  完成时间  周转时间(分钟)  带权周转系数
1001  p1    1       09:40     20              09:40     10:00     20(分钟)        1.00
1002  p2    3       09:55     15              10:00     10:15     20(分钟)        1.33
1004  p4    4       10:10     10              10:15     10:25     15(分钟)        1.50
1005  p5    3       10:05     30              10:25     10:55     50(分钟)        1.67
1003  p3    2       09:45     25              10:55     11:20     95(分钟)        3.80
系统平均周转时间为:
40.00
系统平均带权周转系数为:
1.86
请输入操作:(1:开始进程;-1:结束进程):
操作结束!
