请输入操作:(1:开始进程;-1:结束进程):请输入进程数量:请输入进程的参数:
id号  名字  优先级  到达时间  执行时间(分钟):
模拟进程优先调度过程输出结果
id号  名字  优先级  到达时间  执行时间(分钟)  开始时间  完成时间  周转时间(分钟)  带权周转系数
5001  low   1       09:00     30              09:00     09:30     30(分钟)         1.00
5002  high  9       09:05     10              09:30     09:40     35(分钟)         3.50
5003  mid   5       09:10     5               09:40     09:45     35(分钟)         7.00
系统平均周转时间为:
33.33
系统平均带权周转系数为:
3.83
请输入操作:(1:开始进程;-1:结束进程):
操作结束!
